// Jest Snapshot v1, https://goo.gl/fbAQLP

exports[`Article page SnapShot 1 1`] = `ShallowWrapper {}`;
